// Jest Snapshot v1, https://goo.gl/fbAQLP

exports[`Render DataEntryField component 1`] = `ShallowWrapper {}`;
