// Jest Snapshot v1, https://goo.gl/fbAQLP

exports[`Render SignIn component 1`] = `ShallowWrapper {}`;
