// Jest Snapshot v1, https://goo.gl/fbAQLP

exports[`Render Nav component 1`] = `ShallowWrapper {}`;
