// Jest Snapshot v1, https://goo.gl/fbAQLP

exports[`Render DateSelectAvg component 1`] = `ShallowWrapper {}`;
